
Allocating common symbols
Common symbol       size              file

_stack_top          0x4               startup.o
bss_var             0x3               main.o

Memory Configuration

Name             Origin             Length             Attributes
flash            0x08000000         0x00020000         xr
sram             0x20000000         0x00005000         xrw
*default*        0x00000000         0xffffffff

Linker script and memory map


.text           0x08000000      0x17c
 *(.vectors*)
 .vectors       0x08000000       0x1c startup.o
                0x08000000                vectors
 *(.text*)
 .text          0x0800001c       0xa8 main.o
                0x0800001c                main
 .text          0x080000c4       0xb8 startup.o
                0x080000c4                H_Fault_Handler
                0x080000c4                MM_Fault_Handler
                0x080000c4                Usage_Fault_Handler
                0x080000c4                Bus_Fault
                0x080000c4                Default_Handler
                0x080000c4                NMI_Handler
                0x080000d0                Reset_Handler
 *(.rodata*)
                0x0800017c                _E_text = .

.glue_7         0x0800017c        0x0
 .glue_7        0x00000000        0x0 linker stubs

.glue_7t        0x0800017c        0x0
 .glue_7t       0x00000000        0x0 linker stubs

.vfp11_veneer   0x0800017c        0x0
 .vfp11_veneer  0x00000000        0x0 linker stubs

.v4_bx          0x0800017c        0x0
 .v4_bx         0x00000000        0x0 linker stubs

.iplt           0x0800017c        0x0
 .iplt          0x00000000        0x0 main.o

.rel.dyn        0x0800017c        0x0
 .rel.iplt      0x00000000        0x0 main.o

.data           0x20000000        0x4 load address 0x0800017c
                0x20000000                _S_DATA = .
 *(.data*)
 .data          0x20000000        0x4 main.o
                0x20000000                R_ODR
 .data          0x20000004        0x0 startup.o
                0x20000004                . = ALIGN (0x4)
                0x20000004                _E_DATA = .

.igot.plt       0x20000004        0x0 load address 0x08000180
 .igot.plt      0x00000000        0x0 main.o

.bss            0x20000004     0x1008 load address 0x08000180
                0x20000004                _S_bss = .
 *(.bss*)
 .bss           0x20000004        0x0 main.o
 .bss           0x20000004        0x0 startup.o
                0x20000004                _E_bss = .
                0x20000004                . = ALIGN (0x4)
                0x20001004                . = (. + 0x1000)
 *fill*         0x20000004     0x1000 
                0x20001004                _stack_top = .
 COMMON         0x20001004        0x3 main.o
                0x20001004                bss_var
 *fill*         0x20001007        0x1 
 COMMON         0x20001008        0x4 startup.o
LOAD main.o
LOAD startup.o
OUTPUT(lec_3-lab2.elf elf32-littlearm)

.debug_info     0x00000000      0x2b9
 .debug_info    0x00000000      0x14d main.o
 .debug_info    0x0000014d      0x16c startup.o

.debug_abbrev   0x00000000      0x19e
 .debug_abbrev  0x00000000       0xde main.o
 .debug_abbrev  0x000000de       0xc0 startup.o

.debug_loc      0x00000000       0x9c
 .debug_loc     0x00000000       0x38 main.o
 .debug_loc     0x00000038       0x64 startup.o

.debug_aranges  0x00000000       0x40
 .debug_aranges
                0x00000000       0x20 main.o
 .debug_aranges
                0x00000020       0x20 startup.o

.debug_line     0x00000000      0x147
 .debug_line    0x00000000       0x9b main.o
 .debug_line    0x0000009b       0xac startup.o

.debug_str      0x00000000      0x18b
 .debug_str     0x00000000      0x10b main.o
                                0x148 (size before relaxing)
 .debug_str     0x0000010b       0x80 startup.o
                                0x183 (size before relaxing)

.comment        0x00000000       0x11
 .comment       0x00000000       0x11 main.o
                                 0x12 (size before relaxing)
 .comment       0x00000000       0x12 startup.o

.ARM.attributes
                0x00000000       0x33
 .ARM.attributes
                0x00000000       0x33 main.o
 .ARM.attributes
                0x00000033       0x33 startup.o

.debug_frame    0x00000000       0x78
 .debug_frame   0x00000000       0x2c main.o
 .debug_frame   0x0000002c       0x4c startup.o
